// Jest Snapshot v1, https://goo.gl/fbAQLP

exports[`Snapshot NavProfile 1`] = `
.c0 {
  color: #0000ff;
}

.c0:hover * {
  -webkit-text-decoration: underline;
  text-decoration: underline;
}

.c1 {
  color: #0000ff;
}

.c2 {
  color: #0000ff;
  color: #0000ff;
  -webkit-text-decoration-color: #0000ff;
  text-decoration-color: #0000ff;
}

.c2:hover * {
  -webkit-text-decoration: underline;
  text-decoration: underline;
}

.c3 {
  color: #0000ff;
  margin-left: 0.5rem;
  color: #0000ff;
  -webkit-text-decoration-color: #0000ff;
  text-decoration-color: #0000ff;
}

.c3:hover * {
  -webkit-text-decoration: underline;
  text-decoration: underline;
}

<div
  className="css-view-1dbjc4n"
  style={
    Object {
      "WebkitBoxFlex": 1,
      "WebkitFlexBasis": "0px",
      "WebkitFlexGrow": 1,
      "WebkitFlexShrink": 1,
      "borderBottomColor": "rgba(222,222,222,1.00)",
      "borderBottomStyle": "solid",
      "borderBottomWidth": "1px",
      "borderLeftStyle": "solid",
      "borderRightStyle": "solid",
      "borderTopStyle": "solid",
      "display": "flex",
      "flexBasis": "0px",
      "flexGrow": 1,
      "flexShrink": 1,
      "msFlexNegative": 1,
      "msFlexPositive": 1,
      "msFlexPreferredSize": "0px",
      "position": "relative",
    }
  }
>
  <div
    className="css-view-1dbjc4n"
    style={
      Object {
        "display": "flex",
        "paddingBottom": "2rem",
        "paddingLeft": "1.5rem",
        "paddingRight": "1.5rem",
        "paddingTop": "1.5rem",
        "position": "relative",
      }
    }
  >
    <div
      className="css-view-1dbjc4n"
      style={
        Object {
          "WebkitAlignItems": "center",
          "WebkitBoxAlign": "center",
          "WebkitBoxDirection": "normal",
          "WebkitBoxOrient": "horizontal",
          "WebkitBoxPack": "justify",
          "WebkitFlexDirection": "row",
          "WebkitJustifyContent": "space-between",
          "alignItems": "center",
          "display": "flex",
          "flexDirection": "row",
          "justifyContent": "space-between",
          "msFlexAlign": "center",
          "msFlexDirection": "row",
          "msFlexPack": "justify",
          "position": "relative",
        }
      }
    >
      <div
        className="css-text-901oao"
        dir="auto"
        style={
          Object {
            "color": "rgba(0,0,0,1.00)",
            "fontFamily": "HelveticaNeue-Bold",
            "fontSize": "1.5rem",
            "lineHeight": "2.0999999999999996rem",
          }
        }
      >
        Alice
      </div>
      <a
        className="c0 ulink-mock"
        href="/user/wallet"
        hu={1}
        inline={1}
        onClick={[Function]}
        styles=""
      >
        <div
          className="css-text-901oao"
          dir="auto"
          style={
            Object {
              "WebkitTextDecorationColor": "rgba(0,0,255,1.00)",
              "color": "rgba(0,0,255,1.00)",
              "fontFamily": "HelveticaNeue",
              "fontSize": "0.75rem",
              "lineHeight": "1.0499999999999998rem",
              "textDecorationColor": "rgba(0,0,255,1.00)",
            }
          }
        >
          My Wallet
        </div>
      </a>
    </div>
    <div
      className="css-view-1dbjc4n"
      style={
        Object {
          "WebkitAlignItems": "center",
          "WebkitBoxAlign": "center",
          "WebkitBoxDirection": "normal",
          "WebkitBoxOrient": "horizontal",
          "WebkitFlexDirection": "row",
          "alignItems": "center",
          "display": "flex",
          "flexDirection": "row",
          "marginTop": "1.5rem",
          "msFlexAlign": "center",
          "msFlexDirection": "row",
          "position": "relative",
        }
      }
    >
      <div
        className="css-view-1dbjc4n"
        style={
          Object {
            "display": "flex",
            "position": "relative",
          }
        }
      >
        <a
          className="c1 ulink-mock"
          href="/user/profile/alice"
          hu={0}
          inline={0}
          onClick={[Function]}
          styles=""
        >
          <div
            className="css-view-1dbjc4n"
            style={
              Object {
                "WebkitFlexBasis": "auto",
                "borderBottomLeftRadius": "2rem",
                "borderBottomRightRadius": "2rem",
                "borderTopLeftRadius": "2rem",
                "borderTopRightRadius": "2rem",
                "display": "flex",
                "flexBasis": "auto",
                "height": "4rem",
                "msFlexPreferredSize": "auto",
                "overflowX": "hidden",
                "overflowY": "hidden",
                "position": "relative",
                "width": "4rem",
                "zIndex": 0,
              }
            }
          >
            <div
              className="css-view-1dbjc4n"
              style={
                Object {
                  "backgroundColor": "rgba(0,0,0,0.00)",
                  "backgroundImage": "url(\\"https://hips.hearstapps.com/elleuk.cdnds.net/15/37/2048x2730/2048x2730-e6-8278-458c32fb7c74-assets-elleuk-com-gallery-17063-taylor-swift-hairstyle-bob-getty-gallery-01-jpg.jpg\\")",
                  "backgroundPosition": "center",
                  "backgroundRepeat": "no-repeat",
                  "backgroundSize": "cover",
                  "bottom": "0px",
                  "height": "100%",
                  "left": "0px",
                  "position": "absolute",
                  "right": "0px",
                  "top": "0px",
                  "width": "100%",
                  "zIndex": -1,
                }
              }
            />
            <img
              alt=""
              className="css-accessibilityImage-9pa8cd"
              draggable={false}
              src="https://hips.hearstapps.com/elleuk.cdnds.net/15/37/2048x2730/2048x2730-e6-8278-458c32fb7c74-assets-elleuk-com-gallery-17063-taylor-swift-hairstyle-bob-getty-gallery-01-jpg.jpg"
            />
          </div>
        </a>
      </div>
      <div
        className="css-view-1dbjc4n"
        style={
          Object {
            "WebkitBoxDirection": "normal",
            "WebkitBoxOrient": "vertical",
            "WebkitFlexDirection": "column",
            "WebkitFlexShrink": 1,
            "display": "flex",
            "flexDirection": "column",
            "flexShrink": 1,
            "msFlexDirection": "column",
            "msFlexNegative": 1,
            "paddingLeft": "1rem",
          }
        }
      >
        <div
          className="css-view-1dbjc4n"
          style={
            Object {
              "WebkitBoxDirection": "normal",
              "WebkitBoxOrient": "horizontal",
              "WebkitFlexDirection": "row",
              "display": "flex",
              "flexDirection": "row",
              "msFlexDirection": "row",
              "position": "relative",
            }
          }
        >
          <a
            className="c1 ulink-mock"
            href="/user/wallet"
            hu={0}
            inline={1}
            onClick={[Function]}
            styles=""
          >
            <div
              className="css-view-1dbjc4n"
              data-for="mainTooltip"
              data-tip="{\\"type\\":\\"TEXT\\",\\"props\\":{\\"text\\":\\"Earn Reputation by posting comments.\\\\nThe higher your score, the more weight your votes have.\\"}}"
              style={
                Object {
                  "WebkitAlignItems": "center",
                  "WebkitBoxAlign": "center",
                  "WebkitBoxDirection": "normal",
                  "WebkitBoxOrient": "horizontal",
                  "WebkitFlexDirection": "row",
                  "alignItems": "center",
                  "display": "flex",
                  "flexDirection": "row",
                  "marginRight": "0.75rem",
                  "msFlexAlign": "center",
                  "msFlexDirection": "row",
                  "position": "relative",
                }
              }
            >
              <div
                className="css-view-1dbjc4n"
                style={
                  Object {
                    "WebkitFlexBasis": "auto",
                    "bottom": "0px",
                    "display": "flex",
                    "flexBasis": "auto",
                    "height": "1.5rem",
                    "marginRight": "0.15rem",
                    "msFlexPreferredSize": "auto",
                    "overflowX": "hidden",
                    "overflowY": "hidden",
                    "position": "relative",
                    "width": "1.5rem",
                    "zIndex": 0,
                  }
                }
              >
                <div
                  className="css-view-1dbjc4n"
                  style={
                    Object {
                      "backgroundColor": "rgba(0,0,0,0.00)",
                      "backgroundImage": "url(\\"r-emoji.png\\")",
                      "backgroundPosition": "center",
                      "backgroundRepeat": "no-repeat",
                      "backgroundSize": "contain",
                      "bottom": "0px",
                      "height": "100%",
                      "left": "0px",
                      "position": "absolute",
                      "right": "0px",
                      "top": "0px",
                      "width": "100%",
                      "zIndex": -1,
                    }
                  }
                />
                <img
                  alt=""
                  className="css-accessibilityImage-9pa8cd"
                  draggable={false}
                  src="r-emoji.png"
                />
              </div>
              <div
                className="css-text-901oao"
                dir="auto"
                style={
                  Object {
                    "color": "rgba(0,0,0,1.00)",
                    "display": "flex",
                    "fontFamily": "HelveticaNeue-CondensedBold",
                    "fontSize": "0.875rem",
                    "lineHeight": "1.2249999999999999rem",
                    "position": "relative",
                  }
                }
              >
                11
              </div>
            </div>
          </a>
          <a
            className="c1 ulink-mock"
            href="/user/wallet"
            hu={0}
            inline={1}
            onClick={[Function]}
            styles=""
          >
            <div
              className="css-view-1dbjc4n"
              data-for="mainTooltip"
              data-tip="{\\"type\\":\\"TEXT\\",\\"props\\":{\\"text\\":\\"Get coins by upvoting quality links.\\\\nThe higher your Reputation the more coins you earn.\\"}}"
              style={
                Object {
                  "WebkitAlignItems": "center",
                  "WebkitBoxAlign": "center",
                  "WebkitBoxDirection": "normal",
                  "WebkitBoxOrient": "horizontal",
                  "WebkitFlexDirection": "row",
                  "alignItems": "center",
                  "display": "flex",
                  "flexDirection": "row",
                  "marginRight": "0.75rem",
                  "msFlexAlign": "center",
                  "msFlexDirection": "row",
                  "position": "relative",
                }
              }
            >
              <div
                className="css-view-1dbjc4n"
                style={
                  Object {
                    "WebkitFlexBasis": "auto",
                    "bottom": "0px",
                    "display": "flex",
                    "flexBasis": "auto",
                    "height": "1.5rem",
                    "msFlexPreferredSize": "auto",
                    "overflowX": "hidden",
                    "overflowY": "hidden",
                    "position": "relative",
                    "width": "1.5750000000000002rem",
                    "zIndex": 0,
                  }
                }
              >
                <div
                  className="css-view-1dbjc4n"
                  style={
                    Object {
                      "backgroundColor": "rgba(0,0,0,0.00)",
                      "backgroundImage": "url(\\"relevantcoin.png\\")",
                      "backgroundPosition": "center",
                      "backgroundRepeat": "no-repeat",
                      "backgroundSize": "contain",
                      "bottom": "0px",
                      "height": "100%",
                      "left": "0px",
                      "position": "absolute",
                      "right": "0px",
                      "top": "0px",
                      "width": "100%",
                      "zIndex": -1,
                    }
                  }
                />
                <img
                  alt=""
                  className="css-accessibilityImage-9pa8cd"
                  draggable={false}
                  src="relevantcoin.png"
                />
              </div>
              <div
                className="css-text-901oao"
                dir="auto"
                style={
                  Object {
                    "color": "rgba(0,0,0,1.00)",
                    "display": "flex",
                    "fontFamily": "HelveticaNeue-CondensedBold",
                    "fontSize": "0.875rem",
                    "lineHeight": "1.2249999999999999rem",
                    "marginLeft": "0.375rem",
                    "position": "relative",
                  }
                }
              >
                
                111
                
              </div>
            </div>
          </a>
        </div>
        <div
          className="css-view-1dbjc4n"
          style={
            Object {
              "WebkitAlignItems": "center",
              "WebkitBoxAlign": "center",
              "WebkitBoxDirection": "normal",
              "WebkitBoxOrient": "horizontal",
              "WebkitFlexDirection": "row",
              "alignItems": "center",
              "display": "flex",
              "flexDirection": "row",
              "marginTop": "1rem",
              "msFlexAlign": "center",
              "msFlexDirection": "row",
              "position": "relative",
            }
          }
        >
          <div
            className="css-text-901oao"
            dir="auto"
            style={
              Object {
                "color": "rgba(128,128,128,1.00)",
                "fontFamily": "HelveticaNeue",
                "fontSize": "0.75rem",
                "lineHeight": "1.0499999999999998rem",
              }
            }
          >
            Pending Rewards: 
          </div>
          <div
            className="css-view-1dbjc4n"
            data-for="mainTooltip"
            data-tip="{\\"type\\":\\"TEXT\\",\\"props\\":{\\"text\\":\\"These are your projected earnings for upvoting quality posts.\\\\nRewards are paid out 3 days after a link is posted.\\"}}"
            style={
              Object {
                "WebkitAlignItems": "baseline",
                "WebkitBoxAlign": "baseline",
                "WebkitBoxDirection": "normal",
                "WebkitBoxOrient": "horizontal",
                "WebkitFlexDirection": "row",
                "alignItems": "baseline",
                "display": "flex",
                "flexDirection": "row",
                "marginRight": "0.75rem",
                "msFlexAlign": "baseline",
                "msFlexDirection": "row",
                "position": "relative",
              }
            }
          >
            <div
              className="css-view-1dbjc4n"
              style={
                Object {
                  "WebkitFlexBasis": "auto",
                  "bottom": "-1px",
                  "display": "flex",
                  "flexBasis": "auto",
                  "height": "0.75rem",
                  "msFlexPreferredSize": "auto",
                  "overflowX": "hidden",
                  "overflowY": "hidden",
                  "position": "relative",
                  "width": "0.7875000000000001rem",
                  "zIndex": 0,
                }
              }
            >
              <div
                className="css-view-1dbjc4n"
                style={
                  Object {
                    "backgroundColor": "rgba(0,0,0,0.00)",
                    "backgroundImage": "url(\\"relevantcoin.png\\")",
                    "backgroundPosition": "center",
                    "backgroundRepeat": "no-repeat",
                    "backgroundSize": "contain",
                    "bottom": "0px",
                    "height": "100%",
                    "left": "0px",
                    "position": "absolute",
                    "right": "0px",
                    "top": "0px",
                    "width": "100%",
                    "zIndex": -1,
                  }
                }
              />
              <img
                alt=""
                className="css-accessibilityImage-9pa8cd"
                draggable={false}
                src="relevantcoin.png"
              />
            </div>
            <div
              className="css-text-901oao"
              dir="auto"
              style={
                Object {
                  "WebkitTextDecorationColor": "rgba(0,0,0,1.00)",
                  "color": "rgba(0,0,0,1.00)",
                  "fontFamily": "HelveticaNeue",
                  "fontSize": "0.75rem",
                  "lineHeight": "1.0499999999999998rem",
                  "marginLeft": "0.1875rem",
                  "textDecorationColor": "rgba(0,0,0,1.00)",
                }
              }
            >
              
              120
              
            </div>
          </div>
        </div>
      </div>
    </div>
    <div
      className="css-view-1dbjc4n"
      style={
        Object {
          "WebkitAlignItems": "baseline",
          "WebkitBoxAlign": "baseline",
          "WebkitBoxDirection": "normal",
          "WebkitBoxOrient": "horizontal",
          "WebkitFlexDirection": "row",
          "alignItems": "baseline",
          "display": "flex",
          "flexDirection": "row",
          "marginTop": "1.5rem",
          "msFlexAlign": "baseline",
          "msFlexDirection": "row",
          "position": "relative",
        }
      }
    >
      <a
        c="#0000ff"
        className="c2 ulink-mock"
        href="/user/wallet"
        hu={1}
        inline={0}
        onClick={[Function]}
        styles=""
      >
        <div
          className="css-text-901oao"
          dir="auto"
          style={
            Object {
              "WebkitTextDecorationColor": "rgba(0,0,255,1.00)",
              "color": "rgba(0,0,255,1.00)",
              "fontFamily": "HelveticaNeue",
              "fontSize": "0.75rem",
              "lineHeight": "1.0499999999999998rem",
              "textDecorationColor": "rgba(0,0,255,1.00)",
            }
          }
        >
          Get Tokens
        </div>
      </a>
      <div
        className="css-text-901oao"
        dir="auto"
        style={
          Object {
            "display": "flex",
            "position": "relative",
          }
        }
      >
            
      </div>
      <a
        c="#0000ff"
        className="c3 ulink-mock"
        href="/user/wallet"
        hu={1}
        inline={0}
        ml={1}
        onClick={[Function]}
        styles=""
      >
        <div
          className="css-text-901oao"
          dir="auto"
          style={
            Object {
              "WebkitTextDecorationColor": "rgba(0,0,255,1.00)",
              "color": "rgba(0,0,255,1.00)",
              "fontFamily": "HelveticaNeue",
              "fontSize": "0.75rem",
              "lineHeight": "1.0499999999999998rem",
              "textDecorationColor": "rgba(0,0,255,1.00)",
            }
          }
        >
          Invite Friends
        </div>
      </a>
    </div>
  </div>
</div>
`;
