// Jest Snapshot v1, https://goo.gl/fbAQLP

exports[`Snapshot NavProfile 1`] = `
.c0 {
  color: #0000ff;
}

.c0:hover * {
  -webkit-text-decoration: underline;
  text-decoration: underline;
}

.c1 {
  color: #0000ff;
}

.c2 {
  color: #0000ff;
  color: #0000ff;
  -webkit-text-decoration-color: #0000ff;
  text-decoration-color: #0000ff;
}

.c2:hover * {
  -webkit-text-decoration: underline;
  text-decoration: underline;
}

.c3 {
  color: #0000ff;
  margin-left: 7.2px;
  color: #0000ff;
  -webkit-text-decoration-color: #0000ff;
  text-decoration-color: #0000ff;
}

.c3:hover * {
  -webkit-text-decoration: underline;
  text-decoration: underline;
}

<div
  style={
    Object {
      "WebkitAlignItems": "stretch",
      "WebkitBoxAlign": "stretch",
      "WebkitBoxDirection": "normal",
      "WebkitBoxFlex": 1,
      "WebkitBoxOrient": "vertical",
      "WebkitFlexBasis": "0px",
      "WebkitFlexDirection": "column",
      "WebkitFlexGrow": 1,
      "WebkitFlexShrink": 1,
      "alignItems": "stretch",
      "borderBottomColor": "rgba(221,221,221,1.00)",
      "borderBottomStyle": "solid",
      "borderBottomWidth": "1px",
      "borderLeftStyle": "solid",
      "borderLeftWidth": "0px",
      "borderRightStyle": "solid",
      "borderRightWidth": "0px",
      "borderTopStyle": "solid",
      "borderTopWidth": "0px",
      "boxSizing": "border-box",
      "display": "flex",
      "flexBasis": "0px",
      "flexDirection": "column",
      "flexGrow": 1,
      "flexShrink": 1,
      "marginBottom": "0px",
      "marginLeft": "0px",
      "marginRight": "0px",
      "marginTop": "0px",
      "minHeight": "0px",
      "minWidth": "0px",
      "msFlexAlign": "stretch",
      "msFlexDirection": "column",
      "msFlexNegative": 1,
      "msFlexPositive": 1,
      "msFlexPreferredSize": "0px",
      "paddingBottom": "0px",
      "paddingLeft": "0px",
      "paddingRight": "0px",
      "paddingTop": "0px",
      "position": "relative",
      "zIndex": 0,
    }
  }
>
  <div
    style={
      Object {
        "WebkitAlignItems": "stretch",
        "WebkitBoxAlign": "stretch",
        "WebkitBoxDirection": "normal",
        "WebkitBoxOrient": "vertical",
        "WebkitFlexBasis": "auto",
        "WebkitFlexDirection": "column",
        "WebkitFlexShrink": 0,
        "alignItems": "stretch",
        "borderBottomStyle": "solid",
        "borderBottomWidth": "0px",
        "borderLeftStyle": "solid",
        "borderLeftWidth": "0px",
        "borderRightStyle": "solid",
        "borderRightWidth": "0px",
        "borderTopStyle": "solid",
        "borderTopWidth": "0px",
        "boxSizing": "border-box",
        "display": "flex",
        "flexBasis": "auto",
        "flexDirection": "column",
        "flexShrink": 0,
        "marginBottom": "0px",
        "marginLeft": "0px",
        "marginRight": "0px",
        "marginTop": "0px",
        "minHeight": "0px",
        "minWidth": "0px",
        "msFlexAlign": "stretch",
        "msFlexDirection": "column",
        "msFlexNegative": 0,
        "msFlexPreferredSize": "auto",
        "paddingBottom": "36px",
        "paddingLeft": "28.8px",
        "paddingRight": "28.8px",
        "paddingTop": "28.8px",
        "position": "relative",
        "zIndex": 0,
      }
    }
  >
    <div
      style={
        Object {
          "WebkitAlignItems": "center",
          "WebkitBoxAlign": "center",
          "WebkitBoxDirection": "normal",
          "WebkitBoxOrient": "horizontal",
          "WebkitBoxPack": "justify",
          "WebkitFlexBasis": "auto",
          "WebkitFlexDirection": "row",
          "WebkitFlexShrink": 0,
          "WebkitJustifyContent": "space-between",
          "alignItems": "center",
          "borderBottomStyle": "solid",
          "borderBottomWidth": "0px",
          "borderLeftStyle": "solid",
          "borderLeftWidth": "0px",
          "borderRightStyle": "solid",
          "borderRightWidth": "0px",
          "borderTopStyle": "solid",
          "borderTopWidth": "0px",
          "boxSizing": "border-box",
          "display": "flex",
          "flexBasis": "auto",
          "flexDirection": "row",
          "flexShrink": 0,
          "justifyContent": "space-between",
          "marginBottom": "0px",
          "marginLeft": "0px",
          "marginRight": "0px",
          "marginTop": "0px",
          "minHeight": "0px",
          "minWidth": "0px",
          "msFlexAlign": "center",
          "msFlexDirection": "row",
          "msFlexNegative": 0,
          "msFlexPack": "justify",
          "msFlexPreferredSize": "auto",
          "paddingBottom": "0px",
          "paddingLeft": "0px",
          "paddingRight": "0px",
          "paddingTop": "0px",
          "position": "relative",
          "zIndex": 0,
        }
      }
    >
      <div
        dir="auto"
        style={
          Object {
            "WebkitFlexBasis": "auto",
            "WebkitFlexShrink": 0,
            "borderBottomWidth": "0px",
            "borderLeftWidth": "0px",
            "borderRightWidth": "0px",
            "borderTopWidth": "0px",
            "boxSizing": "border-box",
            "color": "rgba(0,0,0,1.00)",
            "display": "flex",
            "flexBasis": "auto",
            "flexShrink": 0,
            "fontFamily": "HelveticaNeue-Bold",
            "fontSize": "21.6px",
            "fontStyle": "inherit",
            "fontVariant": "inherit",
            "fontWeight": "inherit",
            "lineHeight": "28.8px",
            "marginBottom": "0px",
            "marginLeft": "0px",
            "marginRight": "0px",
            "marginTop": "0px",
            "msFlexNegative": 0,
            "msFlexPreferredSize": "auto",
            "paddingBottom": "0px",
            "paddingLeft": "0px",
            "paddingRight": "0px",
            "paddingTop": "0px",
            "position": "relative",
            "textDecoration": "none",
            "whiteSpace": "pre-wrap",
            "wordWrap": "break-word",
          }
        }
      >
        Alice
      </div>
      <a
        className="ulink-mock c0"
        href="/user/wallet"
        hu={1}
        inline={0}
        onClick={[Function]}
        styles=""
      >
        <div
          c="#0000ff"
          dir="auto"
          style={
            Object {
              "WebkitFlexBasis": "auto",
              "WebkitFlexShrink": 0,
              "WebkitTextDecorationColor": "rgba(0,0,255,1.00)",
              "borderBottomWidth": "0px",
              "borderLeftWidth": "0px",
              "borderRightWidth": "0px",
              "borderTopWidth": "0px",
              "boxSizing": "border-box",
              "color": "rgba(0,0,255,1.00)",
              "display": "flex",
              "flexBasis": "auto",
              "flexShrink": 0,
              "fontFamily": "HelveticaNeue",
              "fontSize": "10.8px",
              "fontStyle": "inherit",
              "fontVariant": "inherit",
              "fontWeight": "inherit",
              "lineHeight": "14.4px",
              "marginBottom": "0px",
              "marginLeft": "0px",
              "marginRight": "0px",
              "marginTop": "0px",
              "msFlexNegative": 0,
              "msFlexPreferredSize": "auto",
              "paddingBottom": "0px",
              "paddingLeft": "0px",
              "paddingRight": "0px",
              "paddingTop": "0px",
              "position": "relative",
              "textDecoration": "none",
              "textDecorationColor": "rgba(0,0,255,1.00)",
              "whiteSpace": "pre-wrap",
              "wordWrap": "break-word",
            }
          }
        >
          My Wallet
        </div>
      </a>
    </div>
    <div
      style={
        Object {
          "WebkitAlignItems": "center",
          "WebkitBoxAlign": "center",
          "WebkitBoxDirection": "normal",
          "WebkitBoxOrient": "horizontal",
          "WebkitFlexBasis": "auto",
          "WebkitFlexDirection": "row",
          "WebkitFlexShrink": 0,
          "alignItems": "center",
          "borderBottomStyle": "solid",
          "borderBottomWidth": "0px",
          "borderLeftStyle": "solid",
          "borderLeftWidth": "0px",
          "borderRightStyle": "solid",
          "borderRightWidth": "0px",
          "borderTopStyle": "solid",
          "borderTopWidth": "0px",
          "boxSizing": "border-box",
          "display": "flex",
          "flexBasis": "auto",
          "flexDirection": "row",
          "flexShrink": 0,
          "marginBottom": "0px",
          "marginLeft": "0px",
          "marginRight": "0px",
          "marginTop": "28.8px",
          "minHeight": "0px",
          "minWidth": "0px",
          "msFlexAlign": "center",
          "msFlexDirection": "row",
          "msFlexNegative": 0,
          "msFlexPreferredSize": "auto",
          "paddingBottom": "0px",
          "paddingLeft": "0px",
          "paddingRight": "0px",
          "paddingTop": "0px",
          "position": "relative",
          "zIndex": 0,
        }
      }
    >
      <div
        style={
          Object {
            "WebkitAlignItems": "stretch",
            "WebkitBoxAlign": "stretch",
            "WebkitBoxDirection": "normal",
            "WebkitBoxOrient": "vertical",
            "WebkitFlexBasis": "auto",
            "WebkitFlexDirection": "column",
            "WebkitFlexShrink": 0,
            "alignItems": "stretch",
            "borderBottomStyle": "solid",
            "borderBottomWidth": "0px",
            "borderLeftStyle": "solid",
            "borderLeftWidth": "0px",
            "borderRightStyle": "solid",
            "borderRightWidth": "0px",
            "borderTopStyle": "solid",
            "borderTopWidth": "0px",
            "boxSizing": "border-box",
            "display": "flex",
            "flexBasis": "auto",
            "flexDirection": "column",
            "flexShrink": 0,
            "marginBottom": "0px",
            "marginLeft": "0px",
            "marginRight": "0px",
            "marginTop": "0px",
            "minHeight": "0px",
            "minWidth": "0px",
            "msFlexAlign": "stretch",
            "msFlexDirection": "column",
            "msFlexNegative": 0,
            "msFlexPreferredSize": "auto",
            "paddingBottom": "0px",
            "paddingLeft": "0px",
            "paddingRight": "0px",
            "paddingTop": "0px",
            "position": "relative",
            "zIndex": 0,
          }
        }
      >
        <a
          className="ulink-mock c1"
          href="/user/profile/alice"
          hu={0}
          inline={0}
          onClick={[Function]}
          styles=""
        >
          <div
            style={
              Object {
                "WebkitAlignItems": "stretch",
                "WebkitBoxAlign": "stretch",
                "WebkitBoxDirection": "normal",
                "WebkitBoxOrient": "vertical",
                "WebkitFlexBasis": "auto",
                "WebkitFlexDirection": "column",
                "WebkitFlexShrink": 0,
                "alignItems": "stretch",
                "borderBottomLeftRadius": "28.8px",
                "borderBottomRightRadius": "28.8px",
                "borderBottomStyle": "solid",
                "borderBottomWidth": "0px",
                "borderLeftStyle": "solid",
                "borderLeftWidth": "0px",
                "borderRightStyle": "solid",
                "borderRightWidth": "0px",
                "borderTopLeftRadius": "28.8px",
                "borderTopRightRadius": "28.8px",
                "borderTopStyle": "solid",
                "borderTopWidth": "0px",
                "boxSizing": "border-box",
                "display": "flex",
                "flexBasis": "auto",
                "flexDirection": "column",
                "flexShrink": 0,
                "height": "57.6px",
                "marginBottom": "0px",
                "marginLeft": "0px",
                "marginRight": "0px",
                "marginTop": "0px",
                "minHeight": "0px",
                "minWidth": "0px",
                "msFlexAlign": "stretch",
                "msFlexDirection": "column",
                "msFlexNegative": 0,
                "msFlexPreferredSize": "auto",
                "overflowX": "hidden",
                "overflowY": "hidden",
                "paddingBottom": "0px",
                "paddingLeft": "0px",
                "paddingRight": "0px",
                "paddingTop": "0px",
                "position": "relative",
                "width": "57.6px",
                "zIndex": 0,
              }
            }
          >
            <div
              style={
                Object {
                  "WebkitAlignItems": "stretch",
                  "WebkitBoxAlign": "stretch",
                  "WebkitBoxDirection": "normal",
                  "WebkitBoxOrient": "vertical",
                  "WebkitFlexBasis": "auto",
                  "WebkitFlexDirection": "column",
                  "WebkitFlexShrink": 0,
                  "alignItems": "stretch",
                  "backgroundColor": "rgba(0,0,0,0.00)",
                  "backgroundImage": "url(\\"alice-pic.jpg\\")",
                  "backgroundPosition": "center",
                  "backgroundRepeat": "no-repeat",
                  "backgroundSize": "cover",
                  "borderBottomStyle": "solid",
                  "borderBottomWidth": "0px",
                  "borderLeftStyle": "solid",
                  "borderLeftWidth": "0px",
                  "borderRightStyle": "solid",
                  "borderRightWidth": "0px",
                  "borderTopStyle": "solid",
                  "borderTopWidth": "0px",
                  "bottom": "0px",
                  "boxSizing": "border-box",
                  "display": "flex",
                  "flexBasis": "auto",
                  "flexDirection": "column",
                  "flexShrink": 0,
                  "height": "100%",
                  "left": "0px",
                  "marginBottom": "0px",
                  "marginLeft": "0px",
                  "marginRight": "0px",
                  "marginTop": "0px",
                  "minHeight": "0px",
                  "minWidth": "0px",
                  "msFlexAlign": "stretch",
                  "msFlexDirection": "column",
                  "msFlexNegative": 0,
                  "msFlexPreferredSize": "auto",
                  "paddingBottom": "0px",
                  "paddingLeft": "0px",
                  "paddingRight": "0px",
                  "paddingTop": "0px",
                  "position": "absolute",
                  "right": "0px",
                  "top": "0px",
                  "width": "100%",
                  "zIndex": -1,
                }
              }
            />
            <img
              alt=""
              draggable={false}
              src="alice-pic.jpg"
              style={
                Object {
                  "bottom": "0px",
                  "height": "100%",
                  "left": "0px",
                  "opacity": 0,
                  "position": "absolute",
                  "right": "0px",
                  "top": "0px",
                  "width": "100%",
                  "zIndex": -1,
                }
              }
            />
          </div>
        </a>
      </div>
      <div
        style={
          Object {
            "WebkitAlignItems": "stretch",
            "WebkitBoxAlign": "stretch",
            "WebkitBoxDirection": "normal",
            "WebkitBoxOrient": "vertical",
            "WebkitFlexBasis": "auto",
            "WebkitFlexDirection": "column",
            "WebkitFlexShrink": 1,
            "alignItems": "stretch",
            "borderBottomStyle": "solid",
            "borderBottomWidth": "0px",
            "borderLeftStyle": "solid",
            "borderLeftWidth": "0px",
            "borderRightStyle": "solid",
            "borderRightWidth": "0px",
            "borderTopStyle": "solid",
            "borderTopWidth": "0px",
            "boxSizing": "border-box",
            "display": "flex",
            "flexBasis": "auto",
            "flexDirection": "column",
            "flexShrink": 1,
            "marginBottom": "0px",
            "marginLeft": "0px",
            "marginRight": "0px",
            "marginTop": "0px",
            "minHeight": "0px",
            "minWidth": "0px",
            "msFlexAlign": "stretch",
            "msFlexDirection": "column",
            "msFlexNegative": 1,
            "msFlexPreferredSize": "auto",
            "paddingBottom": "0px",
            "paddingLeft": "14.4px",
            "paddingRight": "0px",
            "paddingTop": "0px",
            "position": "relative",
            "zIndex": 0,
          }
        }
      >
        <div
          style={
            Object {
              "WebkitAlignItems": "stretch",
              "WebkitBoxAlign": "stretch",
              "WebkitBoxDirection": "normal",
              "WebkitBoxOrient": "horizontal",
              "WebkitFlexBasis": "auto",
              "WebkitFlexDirection": "row",
              "WebkitFlexShrink": 0,
              "alignItems": "stretch",
              "borderBottomStyle": "solid",
              "borderBottomWidth": "0px",
              "borderLeftStyle": "solid",
              "borderLeftWidth": "0px",
              "borderRightStyle": "solid",
              "borderRightWidth": "0px",
              "borderTopStyle": "solid",
              "borderTopWidth": "0px",
              "boxSizing": "border-box",
              "display": "flex",
              "flexBasis": "auto",
              "flexDirection": "row",
              "flexShrink": 0,
              "marginBottom": "0px",
              "marginLeft": "0px",
              "marginRight": "0px",
              "marginTop": "0px",
              "minHeight": "0px",
              "minWidth": "0px",
              "msFlexAlign": "stretch",
              "msFlexDirection": "row",
              "msFlexNegative": 0,
              "msFlexPreferredSize": "auto",
              "paddingBottom": "0px",
              "paddingLeft": "0px",
              "paddingRight": "0px",
              "paddingTop": "0px",
              "position": "relative",
              "zIndex": 0,
            }
          }
        >
          <a
            className="ulink-mock c1"
            href="/user/wallet"
            hu={0}
            inline={0}
            onClick={[Function]}
            styles=""
          >
            <div
              data-for="mainTooltip"
              data-tip="{\\"type\\":\\"TEXT\\",\\"props\\":{\\"text\\":\\"Earn Reputation by posting comments.\\\\nThe higher your score, the more weight your votes have.\\"}}"
              style={
                Object {
                  "WebkitAlignItems": "center",
                  "WebkitBoxAlign": "center",
                  "WebkitBoxDirection": "normal",
                  "WebkitBoxOrient": "horizontal",
                  "WebkitFlexBasis": "auto",
                  "WebkitFlexDirection": "row",
                  "WebkitFlexShrink": 0,
                  "alignItems": "center",
                  "borderBottomStyle": "solid",
                  "borderBottomWidth": "0px",
                  "borderLeftStyle": "solid",
                  "borderLeftWidth": "0px",
                  "borderRightStyle": "solid",
                  "borderRightWidth": "0px",
                  "borderTopStyle": "solid",
                  "borderTopWidth": "0px",
                  "boxSizing": "border-box",
                  "display": "flex",
                  "flexBasis": "auto",
                  "flexDirection": "row",
                  "flexShrink": 0,
                  "marginBottom": "0px",
                  "marginLeft": "0px",
                  "marginRight": "10.8px",
                  "marginTop": "0px",
                  "minHeight": "0px",
                  "minWidth": "0px",
                  "msFlexAlign": "center",
                  "msFlexDirection": "row",
                  "msFlexNegative": 0,
                  "msFlexPreferredSize": "auto",
                  "paddingBottom": "0px",
                  "paddingLeft": "0px",
                  "paddingRight": "0px",
                  "paddingTop": "0px",
                  "position": "relative",
                  "zIndex": 0,
                }
              }
            >
              <div
                style={
                  Object {
                    "WebkitAlignItems": "stretch",
                    "WebkitBoxAlign": "stretch",
                    "WebkitBoxDirection": "normal",
                    "WebkitBoxOrient": "vertical",
                    "WebkitFlexBasis": "auto",
                    "WebkitFlexDirection": "column",
                    "WebkitFlexShrink": 0,
                    "alignItems": "stretch",
                    "borderBottomStyle": "solid",
                    "borderBottomWidth": "0px",
                    "borderLeftStyle": "solid",
                    "borderLeftWidth": "0px",
                    "borderRightStyle": "solid",
                    "borderRightWidth": "0px",
                    "borderTopStyle": "solid",
                    "borderTopWidth": "0px",
                    "bottom": "0px",
                    "boxSizing": "border-box",
                    "display": "flex",
                    "flexBasis": "auto",
                    "flexDirection": "column",
                    "flexShrink": 0,
                    "height": "18.36px",
                    "marginBottom": "0px",
                    "marginLeft": "0px",
                    "marginRight": "2.16px",
                    "marginTop": "0px",
                    "minHeight": "0px",
                    "minWidth": "0px",
                    "msFlexAlign": "stretch",
                    "msFlexDirection": "column",
                    "msFlexNegative": 0,
                    "msFlexPreferredSize": "auto",
                    "overflowX": "hidden",
                    "overflowY": "hidden",
                    "paddingBottom": "0px",
                    "paddingLeft": "0px",
                    "paddingRight": "0px",
                    "paddingTop": "0px",
                    "position": "relative",
                    "width": "25.919999999999998px",
                    "zIndex": 0,
                  }
                }
              >
                <div
                  style={
                    Object {
                      "WebkitAlignItems": "stretch",
                      "WebkitBoxAlign": "stretch",
                      "WebkitBoxDirection": "normal",
                      "WebkitBoxOrient": "vertical",
                      "WebkitFlexBasis": "auto",
                      "WebkitFlexDirection": "column",
                      "WebkitFlexShrink": 0,
                      "alignItems": "stretch",
                      "backgroundColor": "rgba(0,0,0,0.00)",
                      "backgroundImage": "url(\\"r-emoji.png\\")",
                      "backgroundPosition": "center",
                      "backgroundRepeat": "no-repeat",
                      "backgroundSize": "contain",
                      "borderBottomStyle": "solid",
                      "borderBottomWidth": "0px",
                      "borderLeftStyle": "solid",
                      "borderLeftWidth": "0px",
                      "borderRightStyle": "solid",
                      "borderRightWidth": "0px",
                      "borderTopStyle": "solid",
                      "borderTopWidth": "0px",
                      "bottom": "0px",
                      "boxSizing": "border-box",
                      "display": "flex",
                      "flexBasis": "auto",
                      "flexDirection": "column",
                      "flexShrink": 0,
                      "height": "100%",
                      "left": "0px",
                      "marginBottom": "0px",
                      "marginLeft": "0px",
                      "marginRight": "0px",
                      "marginTop": "0px",
                      "minHeight": "0px",
                      "minWidth": "0px",
                      "msFlexAlign": "stretch",
                      "msFlexDirection": "column",
                      "msFlexNegative": 0,
                      "msFlexPreferredSize": "auto",
                      "paddingBottom": "0px",
                      "paddingLeft": "0px",
                      "paddingRight": "0px",
                      "paddingTop": "0px",
                      "position": "absolute",
                      "right": "0px",
                      "top": "0px",
                      "width": "100%",
                      "zIndex": -1,
                    }
                  }
                />
                <img
                  alt=""
                  draggable={false}
                  src="r-emoji.png"
                  style={
                    Object {
                      "bottom": "0px",
                      "height": "100%",
                      "left": "0px",
                      "opacity": 0,
                      "position": "absolute",
                      "right": "0px",
                      "top": "0px",
                      "width": "100%",
                      "zIndex": -1,
                    }
                  }
                />
              </div>
              <div
                dir="auto"
                inline={0}
                style={
                  Object {
                    "WebkitFlexBasis": "auto",
                    "WebkitFlexShrink": 0,
                    "borderBottomWidth": "0px",
                    "borderLeftWidth": "0px",
                    "borderRightWidth": "0px",
                    "borderTopWidth": "0px",
                    "boxSizing": "border-box",
                    "color": "rgba(0,0,0,1.00)",
                    "display": "flex",
                    "flexBasis": "auto",
                    "flexShrink": 0,
                    "fontFamily": "HelveticaNeue-CondensedBold",
                    "fontSize": "12.6px",
                    "fontStyle": "inherit",
                    "fontVariant": "inherit",
                    "fontWeight": "inherit",
                    "lineHeight": "16.799999999999997px",
                    "marginBottom": "0px",
                    "marginLeft": "0px",
                    "marginRight": "0px",
                    "marginTop": "0px",
                    "msFlexNegative": 0,
                    "msFlexPreferredSize": "auto",
                    "paddingBottom": "0px",
                    "paddingLeft": "0px",
                    "paddingRight": "0px",
                    "paddingTop": "0px",
                    "position": "relative",
                    "textDecoration": "none",
                    "whiteSpace": "pre-wrap",
                    "wordWrap": "break-word",
                  }
                }
              >
                11
              </div>
            </div>
          </a>
          <a
            className="ulink-mock c1"
            href="/user/wallet"
            hu={0}
            inline={0}
            onClick={[Function]}
            styles=""
          >
            <div
              data-for="mainTooltip"
              data-tip="{\\"type\\":\\"TEXT\\",\\"props\\":{\\"text\\":\\"Get coins by upvoting quality links.\\\\nThe higher your Reputation the more coins you earn.\\"}}"
              style={
                Object {
                  "WebkitAlignItems": "center",
                  "WebkitBoxAlign": "center",
                  "WebkitBoxDirection": "normal",
                  "WebkitBoxOrient": "horizontal",
                  "WebkitFlexBasis": "auto",
                  "WebkitFlexDirection": "row",
                  "WebkitFlexShrink": 0,
                  "alignItems": "center",
                  "borderBottomStyle": "solid",
                  "borderBottomWidth": "0px",
                  "borderLeftStyle": "solid",
                  "borderLeftWidth": "0px",
                  "borderRightStyle": "solid",
                  "borderRightWidth": "0px",
                  "borderTopStyle": "solid",
                  "borderTopWidth": "0px",
                  "boxSizing": "border-box",
                  "display": "flex",
                  "flexBasis": "auto",
                  "flexDirection": "row",
                  "flexShrink": 0,
                  "marginBottom": "0px",
                  "marginLeft": "0px",
                  "marginRight": "10.8px",
                  "marginTop": "0px",
                  "minHeight": "0px",
                  "minWidth": "0px",
                  "msFlexAlign": "center",
                  "msFlexDirection": "row",
                  "msFlexNegative": 0,
                  "msFlexPreferredSize": "auto",
                  "paddingBottom": "0px",
                  "paddingLeft": "0px",
                  "paddingRight": "0px",
                  "paddingTop": "0px",
                  "position": "relative",
                  "zIndex": 0,
                }
              }
            >
              <div
                style={
                  Object {
                    "WebkitAlignItems": "stretch",
                    "WebkitBoxAlign": "stretch",
                    "WebkitBoxDirection": "normal",
                    "WebkitBoxOrient": "vertical",
                    "WebkitFlexBasis": "auto",
                    "WebkitFlexDirection": "column",
                    "WebkitFlexShrink": 0,
                    "alignItems": "stretch",
                    "borderBottomStyle": "solid",
                    "borderBottomWidth": "0px",
                    "borderLeftStyle": "solid",
                    "borderLeftWidth": "0px",
                    "borderRightStyle": "solid",
                    "borderRightWidth": "0px",
                    "borderTopStyle": "solid",
                    "borderTopWidth": "0px",
                    "bottom": "0px",
                    "boxSizing": "border-box",
                    "display": "flex",
                    "flexBasis": "auto",
                    "flexDirection": "column",
                    "flexShrink": 0,
                    "height": "19.44px",
                    "marginBottom": "0px",
                    "marginLeft": "0px",
                    "marginRight": "0px",
                    "marginTop": "0px",
                    "minHeight": "0px",
                    "minWidth": "0px",
                    "msFlexAlign": "stretch",
                    "msFlexDirection": "column",
                    "msFlexNegative": 0,
                    "msFlexPreferredSize": "auto",
                    "overflowX": "hidden",
                    "overflowY": "hidden",
                    "paddingBottom": "0px",
                    "paddingLeft": "0px",
                    "paddingRight": "0px",
                    "paddingTop": "0px",
                    "position": "relative",
                    "width": "23.76px",
                    "zIndex": 0,
                  }
                }
              >
                <div
                  style={
                    Object {
                      "WebkitAlignItems": "stretch",
                      "WebkitBoxAlign": "stretch",
                      "WebkitBoxDirection": "normal",
                      "WebkitBoxOrient": "vertical",
                      "WebkitFlexBasis": "auto",
                      "WebkitFlexDirection": "column",
                      "WebkitFlexShrink": 0,
                      "alignItems": "stretch",
                      "backgroundColor": "rgba(0,0,0,0.00)",
                      "backgroundImage": "url(\\"relevantcoin.png\\")",
                      "backgroundPosition": "center",
                      "backgroundRepeat": "no-repeat",
                      "backgroundSize": "contain",
                      "borderBottomStyle": "solid",
                      "borderBottomWidth": "0px",
                      "borderLeftStyle": "solid",
                      "borderLeftWidth": "0px",
                      "borderRightStyle": "solid",
                      "borderRightWidth": "0px",
                      "borderTopStyle": "solid",
                      "borderTopWidth": "0px",
                      "bottom": "0px",
                      "boxSizing": "border-box",
                      "display": "flex",
                      "flexBasis": "auto",
                      "flexDirection": "column",
                      "flexShrink": 0,
                      "height": "100%",
                      "left": "0px",
                      "marginBottom": "0px",
                      "marginLeft": "0px",
                      "marginRight": "0px",
                      "marginTop": "0px",
                      "minHeight": "0px",
                      "minWidth": "0px",
                      "msFlexAlign": "stretch",
                      "msFlexDirection": "column",
                      "msFlexNegative": 0,
                      "msFlexPreferredSize": "auto",
                      "paddingBottom": "0px",
                      "paddingLeft": "0px",
                      "paddingRight": "0px",
                      "paddingTop": "0px",
                      "position": "absolute",
                      "right": "0px",
                      "top": "0px",
                      "width": "100%",
                      "zIndex": -1,
                    }
                  }
                />
                <img
                  alt=""
                  draggable={false}
                  src="relevantcoin.png"
                  style={
                    Object {
                      "bottom": "0px",
                      "height": "100%",
                      "left": "0px",
                      "opacity": 0,
                      "position": "absolute",
                      "right": "0px",
                      "top": "0px",
                      "width": "100%",
                      "zIndex": -1,
                    }
                  }
                />
              </div>
              <div
                dir="auto"
                inline={0}
                ml={0.75}
                style={
                  Object {
                    "WebkitFlexBasis": "auto",
                    "WebkitFlexShrink": 0,
                    "borderBottomWidth": "0px",
                    "borderLeftWidth": "0px",
                    "borderRightWidth": "0px",
                    "borderTopWidth": "0px",
                    "boxSizing": "border-box",
                    "color": "rgba(0,0,0,1.00)",
                    "display": "flex",
                    "flexBasis": "auto",
                    "flexShrink": 0,
                    "fontFamily": "HelveticaNeue-CondensedBold",
                    "fontSize": "12.6px",
                    "fontStyle": "inherit",
                    "fontVariant": "inherit",
                    "fontWeight": "inherit",
                    "lineHeight": "16.799999999999997px",
                    "marginBottom": "0px",
                    "marginLeft": "5.4px",
                    "marginRight": "0px",
                    "marginTop": "0px",
                    "msFlexNegative": 0,
                    "msFlexPreferredSize": "auto",
                    "paddingBottom": "0px",
                    "paddingLeft": "0px",
                    "paddingRight": "0px",
                    "paddingTop": "0px",
                    "position": "relative",
                    "textDecoration": "none",
                    "whiteSpace": "pre-wrap",
                    "wordWrap": "break-word",
                  }
                }
              >
                
                111
              </div>
            </div>
          </a>
        </div>
        <div
          style={
            Object {
              "WebkitAlignItems": "baseline",
              "WebkitBoxAlign": "baseline",
              "WebkitBoxDirection": "normal",
              "WebkitBoxOrient": "horizontal",
              "WebkitFlexBasis": "auto",
              "WebkitFlexDirection": "row",
              "WebkitFlexShrink": 0,
              "alignItems": "baseline",
              "borderBottomStyle": "solid",
              "borderBottomWidth": "0px",
              "borderLeftStyle": "solid",
              "borderLeftWidth": "0px",
              "borderRightStyle": "solid",
              "borderRightWidth": "0px",
              "borderTopStyle": "solid",
              "borderTopWidth": "0px",
              "boxSizing": "border-box",
              "display": "flex",
              "flexBasis": "auto",
              "flexDirection": "row",
              "flexShrink": 0,
              "marginBottom": "0px",
              "marginLeft": "0px",
              "marginRight": "0px",
              "marginTop": "14.4px",
              "minHeight": "0px",
              "minWidth": "0px",
              "msFlexAlign": "baseline",
              "msFlexDirection": "row",
              "msFlexNegative": 0,
              "msFlexPreferredSize": "auto",
              "paddingBottom": "0px",
              "paddingLeft": "0px",
              "paddingRight": "0px",
              "paddingTop": "0px",
              "position": "relative",
              "zIndex": 0,
            }
          }
        >
          <div
            dir="auto"
            fs={1.5}
            style={
              Object {
                "WebkitFlexBasis": "auto",
                "WebkitFlexShrink": 0,
                "borderBottomWidth": "0px",
                "borderLeftWidth": "0px",
                "borderRightWidth": "0px",
                "borderTopWidth": "0px",
                "boxSizing": "border-box",
                "color": "rgba(153,153,153,1.00)",
                "display": "flex",
                "flexBasis": "auto",
                "flexShrink": 0,
                "fontFamily": "HelveticaNeue",
                "fontSize": "10.8px",
                "fontStyle": "inherit",
                "fontVariant": "inherit",
                "fontWeight": "inherit",
                "lineHeight": "14.4px",
                "marginBottom": "0px",
                "marginLeft": "0px",
                "marginRight": "0px",
                "marginTop": "0px",
                "msFlexNegative": 0,
                "msFlexPreferredSize": "auto",
                "paddingBottom": "0px",
                "paddingLeft": "0px",
                "paddingRight": "0px",
                "paddingTop": "0px",
                "position": "relative",
                "textDecoration": "none",
                "whiteSpace": "pre-wrap",
                "wordWrap": "break-word",
              }
            }
          >
            Pending Rewards: 
          </div>
          <div
            data-for="mainTooltip"
            data-tip="{\\"type\\":\\"TEXT\\",\\"props\\":{\\"text\\":\\"These are your projected earnings for upvoting quality posts.\\\\nRewards are paid out 3 days after a link is posted.\\"}}"
            style={
              Object {
                "WebkitAlignItems": "baseline",
                "WebkitBoxAlign": "baseline",
                "WebkitBoxDirection": "normal",
                "WebkitBoxOrient": "horizontal",
                "WebkitFlexBasis": "auto",
                "WebkitFlexDirection": "row",
                "WebkitFlexShrink": 0,
                "alignItems": "baseline",
                "borderBottomStyle": "solid",
                "borderBottomWidth": "0px",
                "borderLeftStyle": "solid",
                "borderLeftWidth": "0px",
                "borderRightStyle": "solid",
                "borderRightWidth": "0px",
                "borderTopStyle": "solid",
                "borderTopWidth": "0px",
                "boxSizing": "border-box",
                "display": "flex",
                "flexBasis": "auto",
                "flexDirection": "row",
                "flexShrink": 0,
                "marginBottom": "0px",
                "marginLeft": "0px",
                "marginRight": "10.8px",
                "marginTop": "0px",
                "minHeight": "0px",
                "minWidth": "0px",
                "msFlexAlign": "baseline",
                "msFlexDirection": "row",
                "msFlexNegative": 0,
                "msFlexPreferredSize": "auto",
                "paddingBottom": "0px",
                "paddingLeft": "0px",
                "paddingRight": "0px",
                "paddingTop": "0px",
                "position": "relative",
                "zIndex": 0,
              }
            }
          >
            <div
              style={
                Object {
                  "WebkitAlignItems": "stretch",
                  "WebkitBoxAlign": "stretch",
                  "WebkitBoxDirection": "normal",
                  "WebkitBoxOrient": "vertical",
                  "WebkitFlexBasis": "auto",
                  "WebkitFlexDirection": "column",
                  "WebkitFlexShrink": 0,
                  "alignItems": "stretch",
                  "borderBottomStyle": "solid",
                  "borderBottomWidth": "0px",
                  "borderLeftStyle": "solid",
                  "borderLeftWidth": "0px",
                  "borderRightStyle": "solid",
                  "borderRightWidth": "0px",
                  "borderTopStyle": "solid",
                  "borderTopWidth": "0px",
                  "bottom": "-1px",
                  "boxSizing": "border-box",
                  "display": "flex",
                  "flexBasis": "auto",
                  "flexDirection": "column",
                  "flexShrink": 0,
                  "height": "9.72px",
                  "marginBottom": "0px",
                  "marginLeft": "0px",
                  "marginRight": "0px",
                  "marginTop": "0px",
                  "minHeight": "0px",
                  "minWidth": "0px",
                  "msFlexAlign": "stretch",
                  "msFlexDirection": "column",
                  "msFlexNegative": 0,
                  "msFlexPreferredSize": "auto",
                  "overflowX": "hidden",
                  "overflowY": "hidden",
                  "paddingBottom": "0px",
                  "paddingLeft": "0px",
                  "paddingRight": "0px",
                  "paddingTop": "0px",
                  "position": "relative",
                  "width": "11.88px",
                  "zIndex": 0,
                }
              }
            >
              <div
                style={
                  Object {
                    "WebkitAlignItems": "stretch",
                    "WebkitBoxAlign": "stretch",
                    "WebkitBoxDirection": "normal",
                    "WebkitBoxOrient": "vertical",
                    "WebkitFlexBasis": "auto",
                    "WebkitFlexDirection": "column",
                    "WebkitFlexShrink": 0,
                    "alignItems": "stretch",
                    "backgroundColor": "rgba(0,0,0,0.00)",
                    "backgroundImage": "url(\\"relevantcoin.png\\")",
                    "backgroundPosition": "center",
                    "backgroundRepeat": "no-repeat",
                    "backgroundSize": "contain",
                    "borderBottomStyle": "solid",
                    "borderBottomWidth": "0px",
                    "borderLeftStyle": "solid",
                    "borderLeftWidth": "0px",
                    "borderRightStyle": "solid",
                    "borderRightWidth": "0px",
                    "borderTopStyle": "solid",
                    "borderTopWidth": "0px",
                    "bottom": "0px",
                    "boxSizing": "border-box",
                    "display": "flex",
                    "flexBasis": "auto",
                    "flexDirection": "column",
                    "flexShrink": 0,
                    "height": "100%",
                    "left": "0px",
                    "marginBottom": "0px",
                    "marginLeft": "0px",
                    "marginRight": "0px",
                    "marginTop": "0px",
                    "minHeight": "0px",
                    "minWidth": "0px",
                    "msFlexAlign": "stretch",
                    "msFlexDirection": "column",
                    "msFlexNegative": 0,
                    "msFlexPreferredSize": "auto",
                    "paddingBottom": "0px",
                    "paddingLeft": "0px",
                    "paddingRight": "0px",
                    "paddingTop": "0px",
                    "position": "absolute",
                    "right": "0px",
                    "top": "0px",
                    "width": "100%",
                    "zIndex": -1,
                  }
                }
              />
              <img
                alt=""
                draggable={false}
                src="relevantcoin.png"
                style={
                  Object {
                    "bottom": "0px",
                    "height": "100%",
                    "left": "0px",
                    "opacity": 0,
                    "position": "absolute",
                    "right": "0px",
                    "top": "0px",
                    "width": "100%",
                    "zIndex": -1,
                  }
                }
              />
            </div>
            <div
              c="#000000"
              dir="auto"
              fs={1.5}
              inline={0}
              ml={0.375}
              style={
                Object {
                  "WebkitFlexBasis": "auto",
                  "WebkitFlexShrink": 0,
                  "WebkitTextDecorationColor": "rgba(0,0,0,1.00)",
                  "borderBottomWidth": "0px",
                  "borderLeftWidth": "0px",
                  "borderRightWidth": "0px",
                  "borderTopWidth": "0px",
                  "boxSizing": "border-box",
                  "color": "rgba(0,0,0,1.00)",
                  "display": "flex",
                  "flexBasis": "auto",
                  "flexShrink": 0,
                  "fontFamily": "HelveticaNeue",
                  "fontSize": "10.8px",
                  "fontStyle": "inherit",
                  "fontVariant": "inherit",
                  "fontWeight": "inherit",
                  "lineHeight": "14.4px",
                  "marginBottom": "0px",
                  "marginLeft": "2.7px",
                  "marginRight": "0px",
                  "marginTop": "0px",
                  "msFlexNegative": 0,
                  "msFlexPreferredSize": "auto",
                  "paddingBottom": "0px",
                  "paddingLeft": "0px",
                  "paddingRight": "0px",
                  "paddingTop": "0px",
                  "position": "relative",
                  "textDecoration": "none",
                  "textDecorationColor": "rgba(0,0,0,1.00)",
                  "whiteSpace": "pre-wrap",
                  "wordWrap": "break-word",
                }
              }
            >
              
              120
            </div>
          </div>
        </div>
      </div>
    </div>
    <div
      style={
        Object {
          "WebkitAlignItems": "baseline",
          "WebkitBoxAlign": "baseline",
          "WebkitBoxDirection": "normal",
          "WebkitBoxOrient": "horizontal",
          "WebkitFlexBasis": "auto",
          "WebkitFlexDirection": "row",
          "WebkitFlexShrink": 0,
          "alignItems": "baseline",
          "borderBottomStyle": "solid",
          "borderBottomWidth": "0px",
          "borderLeftStyle": "solid",
          "borderLeftWidth": "0px",
          "borderRightStyle": "solid",
          "borderRightWidth": "0px",
          "borderTopStyle": "solid",
          "borderTopWidth": "0px",
          "boxSizing": "border-box",
          "display": "flex",
          "flexBasis": "auto",
          "flexDirection": "row",
          "flexShrink": 0,
          "marginBottom": "0px",
          "marginLeft": "0px",
          "marginRight": "0px",
          "marginTop": "21.6px",
          "minHeight": "0px",
          "minWidth": "0px",
          "msFlexAlign": "baseline",
          "msFlexDirection": "row",
          "msFlexNegative": 0,
          "msFlexPreferredSize": "auto",
          "paddingBottom": "0px",
          "paddingLeft": "0px",
          "paddingRight": "0px",
          "paddingTop": "0px",
          "position": "relative",
          "zIndex": 0,
        }
      }
    >
      <a
        c="#0000ff"
        className="ulink-mock c2"
        href="/user/wallet"
        hu={1}
        inline={0}
        onClick={[Function]}
        styles=""
      >
        <div
          c="#0000ff"
          dir="auto"
          style={
            Object {
              "WebkitFlexBasis": "auto",
              "WebkitFlexShrink": 0,
              "WebkitTextDecorationColor": "rgba(0,0,255,1.00)",
              "borderBottomWidth": "0px",
              "borderLeftWidth": "0px",
              "borderRightWidth": "0px",
              "borderTopWidth": "0px",
              "boxSizing": "border-box",
              "color": "rgba(0,0,255,1.00)",
              "display": "flex",
              "flexBasis": "auto",
              "flexShrink": 0,
              "fontFamily": "HelveticaNeue",
              "fontSize": "10.8px",
              "fontStyle": "inherit",
              "fontVariant": "inherit",
              "fontWeight": "inherit",
              "lineHeight": "14.4px",
              "marginBottom": "0px",
              "marginLeft": "0px",
              "marginRight": "0px",
              "marginTop": "0px",
              "msFlexNegative": 0,
              "msFlexPreferredSize": "auto",
              "paddingBottom": "0px",
              "paddingLeft": "0px",
              "paddingRight": "0px",
              "paddingTop": "0px",
              "position": "relative",
              "textDecoration": "none",
              "textDecorationColor": "rgba(0,0,255,1.00)",
              "whiteSpace": "pre-wrap",
              "wordWrap": "break-word",
            }
          }
        >
          Get Tokens
        </div>
      </a>
      <div
        dir="auto"
        style={
          Object {
            "WebkitFlexBasis": "auto",
            "WebkitFlexShrink": 0,
            "borderBottomWidth": "0px",
            "borderLeftWidth": "0px",
            "borderRightWidth": "0px",
            "borderTopWidth": "0px",
            "boxSizing": "border-box",
            "color": "inherit",
            "display": "flex",
            "flexBasis": "auto",
            "flexShrink": 0,
            "fontFamily": "system-ui, -apple-system, BlinkMacSystemFont, \\"Segoe UI\\", Roboto, Ubuntu, \\"Helvetica Neue\\", sans-serif",
            "fontSize": "14px",
            "fontStyle": "inherit",
            "fontVariant": "inherit",
            "fontWeight": "inherit",
            "lineHeight": "inherit",
            "marginBottom": "0px",
            "marginLeft": "0px",
            "marginRight": "0px",
            "marginTop": "0px",
            "msFlexNegative": 0,
            "msFlexPreferredSize": "auto",
            "paddingBottom": "0px",
            "paddingLeft": "0px",
            "paddingRight": "0px",
            "paddingTop": "0px",
            "position": "relative",
            "textDecoration": "none",
            "whiteSpace": "pre-wrap",
            "wordWrap": "break-word",
          }
        }
      >
            
      </div>
      <a
        c="#0000ff"
        className="ulink-mock c3"
        href="/user/wallet"
        hu={1}
        inline={0}
        ml={1}
        onClick={[Function]}
        styles=""
      >
        <div
          c="#0000ff"
          dir="auto"
          style={
            Object {
              "WebkitFlexBasis": "auto",
              "WebkitFlexShrink": 0,
              "WebkitTextDecorationColor": "rgba(0,0,255,1.00)",
              "borderBottomWidth": "0px",
              "borderLeftWidth": "0px",
              "borderRightWidth": "0px",
              "borderTopWidth": "0px",
              "boxSizing": "border-box",
              "color": "rgba(0,0,255,1.00)",
              "display": "flex",
              "flexBasis": "auto",
              "flexShrink": 0,
              "fontFamily": "HelveticaNeue",
              "fontSize": "10.8px",
              "fontStyle": "inherit",
              "fontVariant": "inherit",
              "fontWeight": "inherit",
              "lineHeight": "14.4px",
              "marginBottom": "0px",
              "marginLeft": "0px",
              "marginRight": "0px",
              "marginTop": "0px",
              "msFlexNegative": 0,
              "msFlexPreferredSize": "auto",
              "paddingBottom": "0px",
              "paddingLeft": "0px",
              "paddingRight": "0px",
              "paddingTop": "0px",
              "position": "relative",
              "textDecoration": "none",
              "textDecorationColor": "rgba(0,0,255,1.00)",
              "whiteSpace": "pre-wrap",
              "wordWrap": "break-word",
            }
          }
        >
          Invite Friends
        </div>
      </a>
    </div>
  </div>
</div>
`;
