// Jest Snapshot v1, https://goo.gl/fbAQLP

exports[`Snapshot AvatarBox Styled 1`] = `
<a
  className="sc-AykKC kQKgSe ulink-mock"
  href="/user/profile/handle"
  hu={0}
  inline={0}
  onClick={[Function]}
  styles=""
>
  <div
    className="css-view-1dbjc4n"
    style={
      Object {
        "WebkitBoxDirection": "normal",
        "WebkitBoxFlex": 1,
        "WebkitBoxOrient": "horizontal",
        "WebkitFlexBasis": "0px",
        "WebkitFlexDirection": "row",
        "WebkitFlexGrow": 1,
        "WebkitFlexShrink": 1,
        "display": "flex",
        "flexBasis": "0px",
        "flexDirection": "row",
        "flexGrow": 1,
        "flexShrink": 1,
        "msFlexDirection": "row",
        "msFlexNegative": 1,
        "msFlexPositive": 1,
        "msFlexPreferredSize": "0px",
        "position": "relative",
      }
    }
  >
    <div
      className="css-view-1dbjc4n"
      style={
        Object {
          "display": "flex",
          "position": "relative",
        }
      }
    >
      <div
        className="css-view-1dbjc4n"
        style={
          Object {
            "WebkitFlexBasis": "auto",
            "borderBottomLeftRadius": "1.4rem",
            "borderBottomRightRadius": "1.4rem",
            "borderTopLeftRadius": "1.4rem",
            "borderTopRightRadius": "1.4rem",
            "display": "flex",
            "flexBasis": "auto",
            "height": "2.8rem",
            "msFlexPreferredSize": "auto",
            "overflowX": "hidden",
            "overflowY": "hidden",
            "position": "relative",
            "width": "2.8rem",
            "zIndex": 0,
          }
        }
      >
        <div
          className="css-view-1dbjc4n"
          style={
            Object {
              "backgroundColor": "rgba(0,0,0,0.00)",
              "backgroundImage": "url(\\"default_user.jpg\\")",
              "backgroundPosition": "center",
              "backgroundRepeat": "no-repeat",
              "backgroundSize": "cover",
              "bottom": "0px",
              "height": "100%",
              "left": "0px",
              "position": "absolute",
              "right": "0px",
              "top": "0px",
              "width": "100%",
              "zIndex": -1,
            }
          }
        />
        <img
          alt=""
          className="css-accessibilityImage-9pa8cd"
          draggable={false}
          src="default_user.jpg"
        />
      </div>
    </div>
    <div
      className="css-view-1dbjc4n"
      style={
        Object {
          "WebkitBoxFlex": 1,
          "WebkitBoxPack": "center",
          "WebkitFlexBasis": "0px",
          "WebkitFlexGrow": 1,
          "WebkitFlexShrink": 1,
          "WebkitJustifyContent": "center",
          "display": "flex",
          "flexBasis": "0px",
          "flexGrow": 1,
          "flexShrink": 1,
          "justifyContent": "center",
          "marginLeft": "0.7rem",
          "msFlexNegative": 1,
          "msFlexPack": "center",
          "msFlexPositive": 1,
          "msFlexPreferredSize": "0px",
          "position": "relative",
        }
      }
    >
      <div
        className="css-text-901oao"
        dir="auto"
        inline={1}
        style={
          Object {
            "position": "relative",
          }
        }
      >
        <span
          c="#000000"
          className="css-text-901oao css-textHasAncestor-16my406"
          dir="auto"
          inline={1}
          style={
            Object {
              "WebkitTextDecorationColor": "rgba(0,0,0,1.00)",
              "color": "rgba(0,0,0,1.00)",
              "fontFamily": "HelveticaNeue",
              "fontSize": "1.225rem",
              "lineHeight": "1.6333333333333333rem",
              "position": "relative",
              "textDecorationColor": "rgba(0,0,0,1.00)",
            }
          }
        >
          Name
        </span>
      </div>
      <div
        className="css-text-901oao"
        dir="auto"
        mt={0.25}
        style={
          Object {
            "color": "rgba(153,153,153,1.00)",
            "display": "flex",
            "fontFamily": "HelveticaNeue",
            "fontSize": "1.05rem",
            "lineHeight": "1.4rem",
            "marginTop": "0.175rem",
            "position": "relative",
          }
        }
      >
        <span
          className="css-text-901oao css-textHasAncestor-16my406"
          dir="auto"
          style={
            Object {
              "color": "rgba(153,153,153,1.00)",
              "display": "flex",
              "fontFamily": "HelveticaNeue",
              "fontSize": "1.05rem",
              "lineHeight": "1.4rem",
              "position": "relative",
            }
          }
        >
          @handle
        </span>
         
         • A Few Seconds Ago
      </div>
    </div>
  </div>
</a>
`;
