// Jest Snapshot v1, https://goo.gl/fbAQLP

exports[`Snapshot Activity Web 1`] = `
.c0 {
  color: #0000ff;
}

<div
  className="css-view-1dbjc4n"
  style={
    Object {
      "display": "flex",
      "maxWidth": "60rem",
      "position": "relative",
    }
  }
>
  <div
    className="css-view-1dbjc4n"
    style={
      Object {
        "WebkitAlignItems": "center",
        "WebkitBoxAlign": "center",
        "WebkitBoxDirection": "normal",
        "WebkitBoxOrient": "horizontal",
        "WebkitBoxPack": "justify",
        "WebkitFlexDirection": "row",
        "WebkitJustifyContent": "space-between",
        "alignItems": "center",
        "display": "flex",
        "flexDirection": "row",
        "justifyContent": "space-between",
        "marginBottom": "0rem",
        "marginLeft": "2rem",
        "marginRight": "2rem",
        "marginTop": "2rem",
        "msFlexAlign": "center",
        "msFlexDirection": "row",
        "msFlexPack": "justify",
        "position": "relative",
      }
    }
  >
    <div
      className="css-view-1dbjc4n"
      style={
        Object {
          "WebkitAlignItems": "center",
          "WebkitBoxAlign": "center",
          "WebkitBoxDirection": "normal",
          "WebkitBoxFlex": 1,
          "WebkitBoxOrient": "horizontal",
          "WebkitFlexBasis": "0px",
          "WebkitFlexDirection": "row",
          "WebkitFlexGrow": 1,
          "WebkitFlexShrink": 1,
          "alignItems": "center",
          "display": "flex",
          "flexBasis": "0px",
          "flexDirection": "row",
          "flexGrow": 1,
          "flexShrink": 1,
          "msFlexAlign": "center",
          "msFlexDirection": "row",
          "msFlexNegative": 1,
          "msFlexPositive": 1,
          "msFlexPreferredSize": "0px",
          "position": "relative",
        }
      }
    >
      <div
        className="css-view-1dbjc4n"
        style={
          Object {
            "WebkitAlignSelf": "flex-start",
            "alignSelf": "flex-start",
            "display": "flex",
            "marginRight": "0.75rem",
            "msFlexItemAlign": "start",
            "position": "relative",
          }
        }
      >
        <div
          className="css-view-1dbjc4n"
          style={
            Object {
              "display": "flex",
              "position": "relative",
            }
          }
        >
          <a
            className="c0 ulink-mock"
            href="/user/profile/bob"
            hu={0}
            inline={0}
            onClick={[Function]}
            styles=""
          >
            <div
              className="css-view-1dbjc4n"
              style={
                Object {
                  "WebkitFlexBasis": "auto",
                  "borderBottomLeftRadius": "1rem",
                  "borderBottomRightRadius": "1rem",
                  "borderTopLeftRadius": "1rem",
                  "borderTopRightRadius": "1rem",
                  "display": "flex",
                  "flexBasis": "auto",
                  "height": "2rem",
                  "msFlexPreferredSize": "auto",
                  "overflowX": "hidden",
                  "overflowY": "hidden",
                  "position": "relative",
                  "width": "2rem",
                  "zIndex": 0,
                }
              }
            >
              <div
                className="css-view-1dbjc4n"
                style={
                  Object {
                    "backgroundColor": "rgba(0,0,0,0.00)",
                    "backgroundImage": "url(\\"https://yt3.ggpht.com/a/AGF-l7_IPKJORqk1Wo7AR4jMhW15Ma-za_QDlRxMcQ=s900-c-k-c0xffffffff-no-rj-mo\\")",
                    "backgroundPosition": "center",
                    "backgroundRepeat": "no-repeat",
                    "backgroundSize": "cover",
                    "bottom": "0px",
                    "height": "100%",
                    "left": "0px",
                    "position": "absolute",
                    "right": "0px",
                    "top": "0px",
                    "width": "100%",
                    "zIndex": -1,
                  }
                }
              />
              <img
                alt=""
                className="css-accessibilityImage-9pa8cd"
                draggable={false}
                src="https://yt3.ggpht.com/a/AGF-l7_IPKJORqk1Wo7AR4jMhW15Ma-za_QDlRxMcQ=s900-c-k-c0xffffffff-no-rj-mo"
              />
            </div>
          </a>
        </div>
      </div>
      <div
        className="css-view-1dbjc4n"
        style={
          Object {
            "WebkitAlignItems": "baseline",
            "WebkitBoxAlign": "baseline",
            "WebkitBoxDirection": "normal",
            "WebkitBoxFlex": 1,
            "WebkitBoxOrient": "vertical",
            "WebkitFlexBasis": "0px",
            "WebkitFlexDirection": "column",
            "WebkitFlexGrow": 1,
            "WebkitFlexShrink": 1,
            "alignItems": "baseline",
            "display": "flex",
            "flexBasis": "0px",
            "flexDirection": "column",
            "flexGrow": 1,
            "flexShrink": 1,
            "msFlexAlign": "baseline",
            "msFlexDirection": "column",
            "msFlexNegative": 1,
            "msFlexPositive": 1,
            "msFlexPreferredSize": "0px",
            "position": "relative",
          }
        }
      >
        <div
          className="css-text-901oao"
          dir="auto"
        >
          <span
            className="css-text-901oao css-textHasAncestor-16my406"
            dir="auto"
          >
            <a
              className="c0 ulink-mock"
              href="/user/profile/bob"
              hu={0}
              inline={0}
              onClick={[Function]}
              styles=""
            >
              <span
                c="#0000ff"
                className="css-text-901oao css-textHasAncestor-16my406"
                dir="auto"
                inline={1}
                style={
                  Object {
                    "WebkitTextDecorationColor": "rgba(0,0,255,1.00)",
                    "color": "rgba(0,0,255,1.00)",
                    "fontFamily": "HelveticaNeue",
                    "fontSize": "0.875rem",
                    "lineHeight": "1.2249999999999999rem",
                    "position": "relative",
                    "textDecorationColor": "rgba(0,0,255,1.00)",
                  }
                }
              >
                @
                bob
              </span>
            </a>
             
          </span>
          <span
            className="css-text-901oao css-textHasAncestor-16my406"
            dir="auto"
            inline={1}
            style={
              Object {
                "color": "rgba(0,0,0,1.00)",
                "fontFamily": "HelveticaNeue",
                "fontSize": "0.875rem",
                "lineHeight": "1.2249999999999999rem",
                "position": "relative",
              }
            }
          >
            upvoted your comment
            <span
              className="css-text-901oao css-textHasAncestor-16my406"
              dir="auto"
              inline={1}
              style={
                Object {
                  "color": "rgba(0,0,0,1.00)",
                  "fontFamily": "HelveticaNeue",
                  "fontSize": "0.875rem",
                  "lineHeight": "1.2249999999999999rem",
                  "position": "relative",
                }
              }
            >
               → your reputation increased by 
              <span
                c="#7ED321"
                className="css-text-901oao css-textHasAncestor-16my406"
                dir="auto"
                inline={1}
                style={
                  Object {
                    "WebkitTextDecorationColor": "rgba(126,211,33,1.00)",
                    "color": "rgba(126,211,33,1.00)",
                    "position": "relative",
                    "textDecorationColor": "rgba(126,211,33,1.00)",
                  }
                }
              >
                ▲
              </span>
               
              10%
            </span>
          </span>
        </div>
        <div
          className="css-view-1dbjc4n"
          style={
            Object {
              "display": "flex",
              "position": "relative",
            }
          }
        />
      </div>
    </div>
    <div
      className="css-text-901oao"
      dir="auto"
      lh={2}
      style={
        Object {
          "color": "rgba(128,128,128,1.00)",
          "display": "flex",
          "fontFamily": "HelveticaNeue",
          "fontSize": "0.75rem",
          "lineHeight": "1rem",
          "position": "relative",
        }
      }
    >
      A Few Seconds Ago
    </div>
  </div>
  <div
    className="css-view-1dbjc4n"
    style={
      Object {
        "display": "flex",
        "marginLeft": "3rem",
        "position": "relative",
      }
    }
  >
    <a
      className="c0 ulink-mock"
      href="/undefined/post/000000000000000000000003"
      hu={0}
      inline={0}
      onClick={[Function]}
      styles=""
    >
      <div
        className="css-view-1dbjc4n"
        style={
          Object {
            "display": "flex",
            "marginBottom": "0rem",
            "marginLeft": "2rem",
            "marginRight": "2rem",
            "marginTop": "0rem",
            "position": "relative",
          }
        }
      >
        <div
          className="css-text-901oao"
          dir="auto"
          hideDivider={true}
          hidePostButtons={true}
          link="000000000000000000000003"
          noLink={true}
          post={
            Object {
              "_id": "000000000000000000000002",
              "body": "awesome post #2!",
              "community": "relevant",
              "communityId": "c00000000000000000000001",
              "data": Object {
                "pagerank": 45,
                "payout": 18000000000000000000,
              },
              "domain": "link.domain2",
              "embeddedUser": Object {
                "_id": "c00000000000000000000000",
                "airdropTokens": 333,
                "balance": 333,
                "bio": "admin of a few communities",
                "email": "carol@carol.com",
                "ethAddress": Array [
                  "0xC5fdf4076b8F3A5357c5E395ab970B5B54098Fef",
                ],
                "handle": "carol",
                "image": "https://ichef.bbci.co.uk/news/640/cpsprodpb/A369/production/_87133814_87135704.jpg",
                "lockedTokens": 0,
                "name": "Carol",
                "notificationSettings": Object {
                  "bet": Object {
                    "manual": true,
                  },
                },
                "password": "test",
                "relevance": Object {
                  "pagerank": 33,
                },
              },
              "image": "https://i.pinimg.com/originals/5e/b4/49/5eb449b181999dabed59a857503031ad.jpg",
              "link": Object {
                "domain": "link.domain2",
                "image": "https://i.pinimg.com/originals/5e/b4/49/5eb449b181999dabed59a857503031ad.jpg",
                "title": "postTitle2",
                "url": "https://example.com/testPost2",
              },
              "parentComment": "000000000000000000000001",
              "parentPost": "000000000000000000000003",
              "payoutTime": 2019-02-03T09:02:02.000Z,
              "postDate": 2019-01-31T09:02:02.000Z,
              "tags": Array [
                "tag21",
                "tag22",
              ],
              "title": "postTitle2",
              "type": "comment",
              "url": "https://example.com/testPost2",
              "user": "c00000000000000000000000",
            }
          }
          preview={true}
          style={
            Object {
              "display": "flex",
              "position": "relative",
            }
          }
        />
      </div>
    </a>
  </div>
  <div
    className="css-view-1dbjc4n"
    style={
      Object {
        "borderBottomColor": "rgba(222,222,222,1.00)",
        "borderBottomStyle": "solid",
        "borderBottomWidth": "1px",
        "borderLeftStyle": "solid",
        "borderRightStyle": "solid",
        "borderTopStyle": "solid",
        "marginBottom": "0rem",
        "marginLeft": "0rem",
        "marginRight": "0rem",
        "marginTop": "1rem",
      }
    }
  />
</div>
`;
