// Jest Snapshot v1, https://goo.gl/fbAQLP

exports[`ethRewards Invest should create invest 1`] = `
Object {
  "investment": Object {
    "__v": 0,
    "_id": "[SANITIZED]",
    "amount": 0.5,
    "community": "relevant",
    "communityId": "c00000000000000000000001",
    "createdAt": "[SANITIZED]",
    "downVotes": 0,
    "investor": "a00000000000000000000000",
    "ownPost": false,
    "paidOut": false,
    "partialRelevance": 0,
    "partialUsers": 0,
    "post": Object {
      "_id": "[SANITIZED]",
      "children": null,
      "commentary": null,
      "data": Object {
        "_id": "[SANITIZED]",
        "pagerank": 0,
        "pagerankRaw": 0,
        "pagerankRawNeg": 0,
        "post": "000000000000000000000003",
        "relevance": 20,
      },
      "embeddedUser": Object {
        "relevance": null,
      },
      "id": "[SANITIZED]",
      "reposted": null,
    },
    "rankChange": "[SANITIZED]",
    "relevance": 0,
    "relevantPoints": 20,
    "shares": 3.3316662497915366,
    "stakedTokens": 5.550000000000001,
    "updatedAt": "[SANITIZED]",
    "upvotes": 0,
  },
  "rankChange": "[SANITIZED]",
  "subscription": Object {
    "__v": 0,
    "_id": "[SANITIZED]",
    "amount": 20,
    "category": Array [],
    "createdAt": "[SANITIZED]",
    "follower": "a00000000000000000000000",
    "updatedAt": "[SANITIZED]",
  },
  "success": true,
  "undoInvest": undefined,
}
`;
