// Jest Snapshot v1, https://goo.gl/fbAQLP

exports[`CreatePost after invite was created should create new user with referral 1`] = `
Object {
  "__v": 0,
  "_id": "[SANITIZED]",
  "airdropTokens": 20,
  "balance": 20,
  "bio": "",
  "blocked": Array [],
  "blockedBy": Array [],
  "cashedOut": 0,
  "confirmCode": "[SANITIZED]",
  "confirmed": false,
  "createdAt": "[SANITIZED]",
  "desktopSubscriptions": Array [],
  "deviceTokens": Array [],
  "email": "bob@bob.com",
  "ethAddress": Array [],
  "handle": "Bob",
  "id": "[SANITIZED]",
  "image": "https://yt3.ggpht.com/a/AGF-l7_IPKJORqk1Wo7AR4jMhW15Ma-za_QDlRxMcQ=s900-c-k-c0xffffffff-no-rj-mo",
  "investmentCount": 0,
  "lastFeedNotification": 1970-01-01T00:00:00.000Z,
  "lastVote": "[SANITIZED]",
  "legacyAirdrop": 0,
  "legacyTokens": 0,
  "lockedTokens": 0,
  "messages": 0,
  "name": "Bob",
  "notificationSettings": Object {
    "bet": Object {
      "manual": false,
    },
    "desktop": Object {
      "all": false,
    },
    "email": Object {
      "digest": true,
      "general": false,
      "personal": true,
    },
    "mobile": Object {
      "all": false,
    },
  },
  "onboarding": 0,
  "online": false,
  "postCount": 0,
  "profile": Object {
    "name": "Bob",
    "role": "user",
  },
  "provider": "local",
  "referralTokens": 0,
  "relevance": Object {
    "__v": 0,
    "_id": "[SANITIZED]",
    "community": "relevant",
    "communityId": "c00000000000000000000001",
    "createdAt": "[SANITIZED]",
    "degree": 0,
    "deletedCommunity": false,
    "embeddedUser": Object {
      "_id": "[SANITIZED]",
      "handle": "Bob",
      "image": "https://yt3.ggpht.com/a/AGF-l7_IPKJORqk1Wo7AR4jMhW15Ma-za_QDlRxMcQ=s900-c-k-c0xffffffff-no-rj-mo",
      "name": "Bob",
    },
    "invites": 0,
    "pagerank": 42.35,
    "pagerankNeg": 0,
    "pagerankRaw": 0.08718,
    "pagerankRawNeg": 0,
    "postDegree": 0,
    "relevanceRecord": Array [],
    "reputation": 0,
    "role": "user",
    "superAdmin": false,
    "unread": 0,
    "updatedAt": "[SANITIZED]",
    "user": "[SANITIZED]",
  },
  "role": "user",
  "token": Object {
    "_id": "[SANITIZED]",
    "role": "user",
  },
  "tokenBalance": 0,
  "topTopics": Array [],
  "updatedAt": "[SANITIZED]",
  "votePower": 1,
  "webOnboard": Object {
    "onboarding": false,
  },
}
`;

exports[`CreatePost api/invite/create create invite 1`] = `
Object {
  "count": Object {
    "relevant": 99,
  },
  "invite": Array [
    Object {
      "__v": 0,
      "_id": "[SANITIZED]",
      "code": "[SANITIZED]",
      "community": "relevant",
      "communityId": "c00000000000000000000001",
      "createdAt": "[SANITIZED]",
      "email": null,
      "invitedBy": "a00000000000000000000000",
      "invitedByString": "Alice",
      "name": "bob",
      "number": 1,
      "redeemed": false,
      "type": "referral",
      "updatedAt": "[SANITIZED]",
    },
  ],
}
`;
