// Jest Snapshot v1, https://goo.gl/fbAQLP

exports[`Snapshot Post Web 1`] = `
<div
  className="css-view-1dbjc4n"
  style={
    Object {
      "WebkitBoxDirection": "normal",
      "WebkitBoxOrient": "vertical",
      "WebkitFlexDirection": "column",
      "display": "flex",
      "flexDirection": "column",
      "maxWidth": "60rem",
      "msFlexDirection": "column",
      "position": "relative",
    }
  }
>
  <SingleCommnetContainer
    additionalNesting={0}
    comment={
      Object {
        "_id": "000000000000000000000001",
        "body": "awesome post #1!",
        "community": "relevant",
        "communityId": "c00000000000000000000001",
        "data": Object {
          "pagerank": 45,
          "payout": 18000000000000000000,
          "relevance": 45,
        },
        "domain": "link.domain1",
        "embeddedUser": Object {
          "_id": "b00000000000000000000000",
          "airdropTokens": 222,
          "balance": 222,
          "bio": "I love painting",
          "email": "bob@bob.com",
          "ethAddress": Array [
            "0xf17f52151EbEF6C7334FAD080c5704D77216b732",
          ],
          "handle": "bob",
          "image": "https://yt3.ggpht.com/a/AGF-l7_IPKJORqk1Wo7AR4jMhW15Ma-za_QDlRxMcQ=s900-c-k-c0xffffffff-no-rj-mo",
          "lockedTokens": 0,
          "name": "Bob",
          "notificationSettings": Object {
            "bet": Object {
              "manual": true,
            },
          },
          "password": "test",
          "relevance": Object {
            "pagerank": 22,
          },
        },
        "image": "https://hips.hearstapps.com/hmg-prod.s3.amazonaws.com/images/cute-cat-captions-1563551865.jpg",
        "link": Object {
          "domain": "link.domain1",
          "image": "https://hips.hearstapps.com/hmg-prod.s3.amazonaws.com/images/cute-cat-captions-1563551865.jpg",
          "title": "postTitle1",
          "url": "https://example.com/testPost1",
        },
        "parentPost": "000000000000000000000003",
        "payoutTime": 2019-02-03T09:01:01.000Z,
        "postDate": 2019-01-31T09:01:01.000Z,
        "tags": Array [
          "tag11",
          "tag12",
        ],
        "title": "postTitle",
        "type": "post",
        "url": "https://example.com/testPost1",
        "user": "b00000000000000000000000",
      }
    }
    hideBorder={true}
    inMainFeed={true}
    nestingLevel={0}
    parentPost={
      Object {
        "_id": "000000000000000000000001",
        "body": "awesome post #1!",
        "community": "relevant",
        "communityId": "c00000000000000000000001",
        "data": Object {
          "pagerank": 45,
          "payout": 18000000000000000000,
          "relevance": 45,
        },
        "domain": "link.domain1",
        "embeddedUser": Object {
          "_id": "b00000000000000000000000",
          "airdropTokens": 222,
          "balance": 222,
          "bio": "I love painting",
          "email": "bob@bob.com",
          "ethAddress": Array [
            "0xf17f52151EbEF6C7334FAD080c5704D77216b732",
          ],
          "handle": "bob",
          "image": "https://yt3.ggpht.com/a/AGF-l7_IPKJORqk1Wo7AR4jMhW15Ma-za_QDlRxMcQ=s900-c-k-c0xffffffff-no-rj-mo",
          "lockedTokens": 0,
          "name": "Bob",
          "notificationSettings": Object {
            "bet": Object {
              "manual": true,
            },
          },
          "password": "test",
          "relevance": Object {
            "pagerank": 22,
          },
        },
        "image": "https://hips.hearstapps.com/hmg-prod.s3.amazonaws.com/images/cute-cat-captions-1563551865.jpg",
        "link": Object {
          "domain": "link.domain1",
          "image": "https://hips.hearstapps.com/hmg-prod.s3.amazonaws.com/images/cute-cat-captions-1563551865.jpg",
          "title": "postTitle1",
          "url": "https://example.com/testPost1",
        },
        "parentPost": "000000000000000000000003",
        "payoutTime": 2019-02-03T09:01:01.000Z,
        "postDate": 2019-01-31T09:01:01.000Z,
        "tags": Array [
          "tag11",
          "tag12",
        ],
        "title": "postTitle",
        "type": "post",
        "url": "https://example.com/testPost1",
        "user": "b00000000000000000000000",
      }
    }
  />
  <div
    className="css-view-1dbjc4n"
    style={
      Object {
        "borderBottomColor": "rgba(222,222,222,1.00)",
        "borderBottomStyle": "solid",
        "borderBottomWidth": "1px",
        "borderLeftStyle": "solid",
        "borderRightStyle": "solid",
        "borderTopStyle": "solid",
        "marginBottom": "0rem",
        "marginLeft": "2rem",
        "marginRight": "2rem",
        "marginTop": "0rem",
      }
    }
  />
</div>
`;
