// Jest Snapshot v1, https://goo.gl/fbAQLP

exports[`Snapshot Comment Form Web 1`] = `
.c0 {
  position: relative;
  -webkit-flex: 1;
  -ms-flex: 1;
  flex: 1;
  -webkit-flex-direction: column;
  -ms-flex-direction: column;
  flex-direction: column;
  display: -webkit-box;
  display: -webkit-flex;
  display: -ms-flexbox;
  display: flex;
}

.c1 {
  position: relative;
  -webkit-flex-direction: column;
  -ms-flex-direction: column;
  flex-direction: column;
  display: -webkit-box;
  display: -webkit-flex;
  display: -ms-flexbox;
  display: flex;
}

.c2 {
  margin: 0rem 0rem 1.25rem 0rem;
  position: relative;
  -webkit-flex: 1;
  -ms-flex: 1;
  flex: 1;
  position: relative;
  -webkit-flex-direction: row;
  -ms-flex-direction: row;
  flex-direction: row;
  -webkit-align-items: flex-start;
  -webkit-box-align: flex-start;
  -ms-flex-align: flex-start;
  align-items: flex-start;
  display: -webkit-box;
  display: -webkit-flex;
  display: -ms-flexbox;
  display: flex;
}

.c4 {
  position: relative;
  -webkit-flex-direction: row;
  -ms-flex-direction: row;
  flex-direction: row;
  -webkit-box-pack: end;
  -webkit-justify-content: flex-end;
  -ms-flex-pack: end;
  justify-content: flex-end;
  display: -webkit-box;
  display: -webkit-flex;
  display: -ms-flexbox;
  display: flex;
}

.c5 {
  background: #0000ff;
  display: -webkit-box;
  display: -webkit-flex;
  display: -ms-flexbox;
  display: flex;
  -webkit-align-items: center;
  -webkit-box-align: center;
  -ms-flex-align: center;
  align-items: center;
  -webkit-box-pack: center;
  -webkit-justify-content: center;
  -ms-flex-pack: center;
  justify-content: center;
  height: 3rem;
  min-width: 9rem;
  padding: 0 1rem;
  margin: 0;
  font-size: 0.75rem;
  color: hsl(0,0%,100%);
  font-family: HelveticaNeue-Medium;
  position: relative;
  display: -webkit-box;
  display: -webkit-flex;
  display: -ms-flexbox;
  display: flex;
  background: transparent;
  padding: null;
  min-width: 0.5rem;
  margin-right: 0.5rem;
  color: hsl(0,0%,50%);
  -webkit-text-decoration-color: hsl(0,0%,50%);
  text-decoration-color: hsl(0,0%,50%);
  min-width: 0.5rem;
  -webkit-user-select: none;
  -moz-user-select: none;
  -ms-user-select: none;
  user-select: none;
  cursor: pointer;
}

.c5:hover {
  box-shadow: 0 2px 6px hsl(240,0%,70%);
}

.c6 {
  background: #0000ff;
  display: -webkit-box;
  display: -webkit-flex;
  display: -ms-flexbox;
  display: flex;
  -webkit-align-items: center;
  -webkit-box-align: center;
  -ms-flex-align: center;
  align-items: center;
  -webkit-box-pack: center;
  -webkit-justify-content: center;
  -ms-flex-pack: center;
  justify-content: center;
  height: 3rem;
  min-width: 9rem;
  padding: 0 1rem;
  margin: 0;
  font-size: 0.75rem;
  color: hsl(0,0%,100%);
  font-family: HelveticaNeue-Medium;
  position: relative;
  display: -webkit-box;
  display: -webkit-flex;
  display: -ms-flexbox;
  display: flex;
  padding: null;
  min-width: 0.5rem;
  min-width: 0.5rem;
  -webkit-user-select: none;
  -moz-user-select: none;
  -ms-user-select: none;
  user-select: none;
  cursor: pointer;
}

.c6:hover {
  box-shadow: 0 2px 6px hsl(240,0%,70%);
}

.c3 {
  font-size: 0.875rem;
  line-height: 1.2249999999999999rem;
  font-family: HelveticaNeue;
  color: hsl(0,0%,0%);
  position: relative;
  -webkit-flex: 1;
  -ms-flex: 1;
  flex: 1;
  display: -webkit-box;
  display: -webkit-flex;
  display: -ms-flexbox;
  display: flex;
  border-color: hsl(0,0%,87%);
  border-width: 1px;
  border-style: solid;
  padding: 1rem 1rem;
  min-width: 0;
  padding-left: 1rem;
  min-height: 4rem;
}

.c3:focus {
  outline: 1px solid #0000ff;
}

<div
  className="css-view-1dbjc4n"
  style={
    Object {
      "WebkitBoxDirection": "normal",
      "WebkitBoxFlex": 1,
      "WebkitBoxOrient": "horizontal",
      "WebkitFlexDirection": "row",
      "WebkitFlexGrow": 1,
      "backgroundColor": "rgba(250,250,250,1.00)",
      "display": "flex",
      "flexDirection": "row",
      "flexGrow": 1,
      "msFlexDirection": "row",
      "msFlexPositive": 1,
      "paddingTop": "2rem",
      "position": "relative",
    }
  }
>
  <div
    className="c0"
    style={
      Object {
        "position": "relative",
      }
    }
  >
    <div
      className="c1"
    >
      <div
        className="c2"
      >
        <div
          className="rta  "
          style={
            Object {
              "display": "flex",
              "flex": "auto",
              "flexDirection": "column",
            }
          }
        >
          <textarea
            autoFocus={false}
            className="rta__textarea c3"
            flex={1}
            m={0}
            minheight="4rem"
            onBlur={[Function]}
            onChange={[Function]}
            onClick={[Function]}
            onFocus={[Function]}
            onScroll={[Function]}
            onSelect={[Function]}
            pl={2}
            placeholder="Enter comment..."
            rows={2}
            style={
              Object {
                "flex": "auto",
                "height": 0,
              }
            }
            value="test input"
          />
        </div>
      </div>
    </div>
    <div
      className="c4"
    >
      <button
        className="c5"
        disabled={false}
        onMouseDown={[Function]}
        onTouchStart={[Function]}
      >
        Cancel
      </button>
      <button
        className="c6"
        disabled={false}
        onMouseDown={[Function]}
        onTouchStart={[Function]}
      >
        Comment
      </button>
    </div>
  </div>
</div>
`;
